[cabelas.curtmfg.com/findd41d.html]
[backblue.gif]
[fade.gif]
[index.html]
[cabelas.curtmfg.com/Content/css/Site.css]
[cabelas.curtmfg.com/Content/shadowbox/shadowbox.css]
[cabelas.curtmfg.com/Content/css/part_listing.css]
[cabelas.curtmfg.com/Scripts/hitch_lookup5e1f.js]
[cabelas.curtmfg.com/Content/img/curt.gif]
[cabelas.curtmfg.com/Scripts/part_listing.js]
[cabelas.curtmfg.com/Scripts/shadowbox.js]
[cabelas.curtmfg.com/findd41d.html]
[cabelas.curtmfg.com/Content/img/btn-find.png]
[cabelas.curtmfg.com/Content/css/Site.css]
[cabelas.curtmfg.com/Content/shadowbox/loading.gif]
[cabelas.curtmfg.com/Content/shadowbox/close.png]
[cabelas.curtmfg.com/Content/shadowbox/next.png]
[cabelas.curtmfg.com/Content/shadowbox/previous.png]
[cabelas.curtmfg.com/Content/shadowbox/play.png]
[cabelas.curtmfg.com/Content/shadowbox/pause.png]
[cabelas.curtmfg.com/Content/shadowbox/shadowbox.css]
[cabelas.curtmfg.com/Content/img/btn-tab.png]
[cabelas.curtmfg.com/Content/img/btn-addToCart.png]
[cabelas.curtmfg.com/Content/css/part_listing.css]
